------------------------------------------------------------
TimeQuest Timing Analyzer Summary
------------------------------------------------------------

Type  : Slow 1200mV 85C Model Setup 'inst3|altpll_component|auto_generated|pll1|clk[0]'
Slack : -5.171
TNS   : -91.426

Type  : Slow 1200mV 85C Model Setup 'ball:inst1|VGA_SYNC:SYNC|vert_sync_out'
Slack : -3.476
TNS   : -53.668

Type  : Slow 1200mV 85C Model Setup 'MOUSE:inst4|MOUSE_CLK_FILTER'
Slack : -2.022
TNS   : -161.436

Type  : Slow 1200mV 85C Model Hold 'inst3|altpll_component|auto_generated|pll1|clk[0]'
Slack : -0.182
TNS   : -0.182

Type  : Slow 1200mV 85C Model Hold 'MOUSE:inst4|MOUSE_CLK_FILTER'
Slack : 0.000
TNS   : 0.000

Type  : Slow 1200mV 85C Model Hold 'ball:inst1|VGA_SYNC:SYNC|vert_sync_out'
Slack : 0.604
TNS   : 0.000

Type  : Slow 1200mV 85C Model Recovery 'MOUSE:inst4|MOUSE_CLK_FILTER'
Slack : 0.007
TNS   : 0.000

Type  : Slow 1200mV 85C Model Removal 'MOUSE:inst4|MOUSE_CLK_FILTER'
Slack : -0.027
TNS   : -0.270

Type  : Slow 1200mV 85C Model Minimum Pulse Width 'MOUSE:inst4|MOUSE_CLK_FILTER'
Slack : -1.000
TNS   : -92.000

Type  : Slow 1200mV 85C Model Minimum Pulse Width 'ball:inst1|VGA_SYNC:SYNC|vert_sync_out'
Slack : -1.000
TNS   : -22.000

Type  : Slow 1200mV 85C Model Minimum Pulse Width 'clk'
Slack : 9.825
TNS   : 0.000

Type  : Slow 1200mV 85C Model Minimum Pulse Width 'inst3|altpll_component|auto_generated|pll1|clk[0]'
Slack : 19.736
TNS   : 0.000

Type  : Slow 1200mV 0C Model Setup 'inst3|altpll_component|auto_generated|pll1|clk[0]'
Slack : -4.413
TNS   : -76.270

Type  : Slow 1200mV 0C Model Setup 'ball:inst1|VGA_SYNC:SYNC|vert_sync_out'
Slack : -3.032
TNS   : -46.240

Type  : Slow 1200mV 0C Model Setup 'MOUSE:inst4|MOUSE_CLK_FILTER'
Slack : -1.751
TNS   : -137.342

Type  : Slow 1200mV 0C Model Hold 'inst3|altpll_component|auto_generated|pll1|clk[0]'
Slack : -0.287
TNS   : -0.287

Type  : Slow 1200mV 0C Model Hold 'MOUSE:inst4|MOUSE_CLK_FILTER'
Slack : 0.200
TNS   : 0.000

Type  : Slow 1200mV 0C Model Hold 'ball:inst1|VGA_SYNC:SYNC|vert_sync_out'
Slack : 0.544
TNS   : 0.000

Type  : Slow 1200mV 0C Model Recovery 'MOUSE:inst4|MOUSE_CLK_FILTER'
Slack : -0.088
TNS   : -0.644

Type  : Slow 1200mV 0C Model Removal 'MOUSE:inst4|MOUSE_CLK_FILTER'
Slack : 0.185
TNS   : 0.000

Type  : Slow 1200mV 0C Model Minimum Pulse Width 'MOUSE:inst4|MOUSE_CLK_FILTER'
Slack : -1.000
TNS   : -92.000

Type  : Slow 1200mV 0C Model Minimum Pulse Width 'ball:inst1|VGA_SYNC:SYNC|vert_sync_out'
Slack : -1.000
TNS   : -22.000

Type  : Slow 1200mV 0C Model Minimum Pulse Width 'clk'
Slack : 9.785
TNS   : 0.000

Type  : Slow 1200mV 0C Model Minimum Pulse Width 'inst3|altpll_component|auto_generated|pll1|clk[0]'
Slack : 19.742
TNS   : 0.000

Type  : Fast 1200mV 0C Model Setup 'inst3|altpll_component|auto_generated|pll1|clk[0]'
Slack : -2.521
TNS   : -42.645

Type  : Fast 1200mV 0C Model Setup 'ball:inst1|VGA_SYNC:SYNC|vert_sync_out'
Slack : -1.498
TNS   : -20.437

Type  : Fast 1200mV 0C Model Setup 'MOUSE:inst4|MOUSE_CLK_FILTER'
Slack : -0.746
TNS   : -51.465

Type  : Fast 1200mV 0C Model Hold 'inst3|altpll_component|auto_generated|pll1|clk[0]'
Slack : -0.134
TNS   : -0.134

Type  : Fast 1200mV 0C Model Hold 'MOUSE:inst4|MOUSE_CLK_FILTER'
Slack : -0.089
TNS   : -1.043

Type  : Fast 1200mV 0C Model Hold 'ball:inst1|VGA_SYNC:SYNC|vert_sync_out'
Slack : 0.323
TNS   : 0.000

Type  : Fast 1200mV 0C Model Recovery 'MOUSE:inst4|MOUSE_CLK_FILTER'
Slack : 0.203
TNS   : 0.000

Type  : Fast 1200mV 0C Model Removal 'MOUSE:inst4|MOUSE_CLK_FILTER'
Slack : 0.057
TNS   : 0.000

Type  : Fast 1200mV 0C Model Minimum Pulse Width 'MOUSE:inst4|MOUSE_CLK_FILTER'
Slack : -1.000
TNS   : -92.000

Type  : Fast 1200mV 0C Model Minimum Pulse Width 'ball:inst1|VGA_SYNC:SYNC|vert_sync_out'
Slack : -1.000
TNS   : -22.000

Type  : Fast 1200mV 0C Model Minimum Pulse Width 'clk'
Slack : 9.585
TNS   : 0.000

Type  : Fast 1200mV 0C Model Minimum Pulse Width 'inst3|altpll_component|auto_generated|pll1|clk[0]'
Slack : 19.749
TNS   : 0.000

------------------------------------------------------------
