------------------------------------------------------------
TimeQuest Timing Analyzer Summary
------------------------------------------------------------

Type  : Slow 1200mV 85C Model Setup 'inst3|altpll_component|auto_generated|pll1|clk[0]'
Slack : -4.498
TNS   : -8.993

Type  : Slow 1200mV 85C Model Setup 'ball:inst1|VGA_SYNC:SYNC|vert_sync_out'
Slack : -1.123
TNS   : -7.070

Type  : Slow 1200mV 85C Model Hold 'inst3|altpll_component|auto_generated|pll1|clk[0]'
Slack : 0.359
TNS   : 0.000

Type  : Slow 1200mV 85C Model Hold 'ball:inst1|VGA_SYNC:SYNC|vert_sync_out'
Slack : 0.360
TNS   : 0.000

Type  : Slow 1200mV 85C Model Minimum Pulse Width 'ball:inst1|VGA_SYNC:SYNC|vert_sync_out'
Slack : -1.000
TNS   : -10.000

Type  : Slow 1200mV 85C Model Minimum Pulse Width 'clk'
Slack : 9.825
TNS   : 0.000

Type  : Slow 1200mV 85C Model Minimum Pulse Width 'inst3|altpll_component|auto_generated|pll1|clk[0]'
Slack : 19.755
TNS   : 0.000

Type  : Slow 1200mV 0C Model Setup 'inst3|altpll_component|auto_generated|pll1|clk[0]'
Slack : -3.795
TNS   : -7.587

Type  : Slow 1200mV 0C Model Setup 'ball:inst1|VGA_SYNC:SYNC|vert_sync_out'
Slack : -0.896
TNS   : -5.186

Type  : Slow 1200mV 0C Model Hold 'ball:inst1|VGA_SYNC:SYNC|vert_sync_out'
Slack : 0.313
TNS   : 0.000

Type  : Slow 1200mV 0C Model Hold 'inst3|altpll_component|auto_generated|pll1|clk[0]'
Slack : 0.313
TNS   : 0.000

Type  : Slow 1200mV 0C Model Minimum Pulse Width 'ball:inst1|VGA_SYNC:SYNC|vert_sync_out'
Slack : -1.000
TNS   : -10.000

Type  : Slow 1200mV 0C Model Minimum Pulse Width 'clk'
Slack : 9.785
TNS   : 0.000

Type  : Slow 1200mV 0C Model Minimum Pulse Width 'inst3|altpll_component|auto_generated|pll1|clk[0]'
Slack : 19.749
TNS   : 0.000

Type  : Fast 1200mV 0C Model Setup 'inst3|altpll_component|auto_generated|pll1|clk[0]'
Slack : -2.147
TNS   : -4.292

Type  : Fast 1200mV 0C Model Setup 'ball:inst1|VGA_SYNC:SYNC|vert_sync_out'
Slack : -0.195
TNS   : -0.375

Type  : Fast 1200mV 0C Model Hold 'ball:inst1|VGA_SYNC:SYNC|vert_sync_out'
Slack : 0.188
TNS   : 0.000

Type  : Fast 1200mV 0C Model Hold 'inst3|altpll_component|auto_generated|pll1|clk[0]'
Slack : 0.188
TNS   : 0.000

Type  : Fast 1200mV 0C Model Minimum Pulse Width 'ball:inst1|VGA_SYNC:SYNC|vert_sync_out'
Slack : -1.000
TNS   : -10.000

Type  : Fast 1200mV 0C Model Minimum Pulse Width 'clk'
Slack : 9.585
TNS   : 0.000

Type  : Fast 1200mV 0C Model Minimum Pulse Width 'inst3|altpll_component|auto_generated|pll1|clk[0]'
Slack : 19.784
TNS   : 0.000

------------------------------------------------------------
